main.c:66:5:main	8	static
main.c:106:6:SystemClock_Config_HSE	96	static
main.c:194:6:CAN1_Tx	40	static
main.c:221:6:CAN_Filter_Config	48	static
main.c:258:6:GPIO_Init	40	static
main.c:294:6:TIMER6_Init	8	static
main.c:304:6:UART2_Init	8	static
main.c:320:6:CAN1_Init	8	static
main.c:353:6:HAL_CAN_TxMailbox0CompleteCallback	80	static
main.c:360:6:HAL_CAN_TxMailbox1CompleteCallback	80	static
main.c:367:6:HAL_CAN_TxMailbox2CompleteCallback	80	static
main.c:373:6:HAL_CAN_RxFifo0MsgPendingCallback	80	static
main.c:401:6:HAL_TIM_PeriodElapsedCallback	48	static
main.c:427:6:LED_Manage_Output	16	static
main.c:462:6:Send_response	48	static
main.c:479:6:Error_handler	4	static
