main.c:66:5:main	8	static
main.c:106:6:SystemClock_Config_HSE	96	static
main.c:194:6:CAN1_Tx	40	static
main.c:221:6:CAN_Filter_Config	48	static
main.c:279:6:GPIO_Init	40	static
main.c:315:6:TIMER6_Init	8	static
main.c:325:6:UART2_Init	8	static
main.c:341:6:CAN1_Init	8	static
main.c:378:6:HAL_CAN_TxMailbox0CompleteCallback	80	static
main.c:385:6:HAL_CAN_TxMailbox1CompleteCallback	80	static
main.c:392:6:HAL_CAN_TxMailbox2CompleteCallback	80	static
main.c:398:6:HAL_CAN_RxFifo0MsgPendingCallback	80	static
main.c:426:6:HAL_TIM_PeriodElapsedCallback	48	static
main.c:452:6:LED_Manage_Output	16	static
main.c:487:6:Send_response	48	static
main.c:504:6:Error_handler	4	static
