20:17:55 **** Incremental Build of configuration Debug for project ADC_Sensor ****
make -j4 all 
arm-none-eabi-gcc "../Core/Src/main.c" -mcpu=cortex-m4 -std=gnu11 -g3 -DUSE_HAL_DRIVER -DSTM32F401xE -DDEBUG -c -I../Drivers/CMSIS/Include -I../Drivers/STM32F4xx_HAL_Driver/Inc -I../Core/Inc -I../Drivers/CMSIS/Device/ST/STM32F4xx/Include -I../Drivers/STM32F4xx_HAL_Driver/Inc/Legacy -O0 -ffunction-sections -fdata-sections -Wall -fstack-usage -MMD -MP -MF"Core/Src/main.d" -MT"Core/Src/main.o" --specs=nano.specs -mfpu=fpv4-sp-d16 -mfloat-abi=hard -mthumb -o "Core/Src/main.o"
arm-none-eabi-gcc -o "ADC_Sensor.elf" @"objects.list"   -mcpu=cortex-m4 -T"C:\Users\mateu\Documents\Curso STM32\MCU2\ADC_Sensor\STM32F401RETX_FLASH.ld" --specs=nosys.specs -Wl,-Map="ADC_Sensor.map" -Wl,--gc-sections -static -u _printf_float --specs=nano.specs -mfpu=fpv4-sp-d16 -mfloat-abi=hard -mthumb -Wl,--start-group -lc -lm -Wl,--end-group
Finished building target: ADC_Sensor.elf
 
arm-none-eabi-objdump -h -S  ADC_Sensor.elf  > "ADC_Sensor.list"
arm-none-eabi-objcopy  -O ihex  ADC_Sensor.elf  "ADC_Sensor.hex"
arm-none-eabi-objcopy  -O binary  ADC_Sensor.elf  "ADC_Sensor.bin"
arm-none-eabi-size   ADC_Sensor.elf 
   text	   data	    bss	    dec	    hex	filename
  19868	    484	   1724	  22076	   563c	ADC_Sensor.elf
Finished building: default.size.stdout
 
Finished building: ADC_Sensor.hex
Finished building: ADC_Sensor.bin
 
 
Finished building: ADC_Sensor.list
 

20:17:59 Build Finished. 0 errors, 0 warnings. (took 3s.209ms)

