18:57:04 **** Incremental Build of configuration Debug for project CAN_LoopBack ****
make -j4 all 
arm-none-eabi-gcc "../Core/Src/stm32f4xx_hal_msp.c" -mcpu=cortex-m4 -std=gnu11 -g3 -DUSE_HAL_DRIVER -DSTM32F446xx -DDEBUG -c -I../Drivers/CMSIS/Include -I../Drivers/STM32F4xx_HAL_Driver/Inc -I../Core/Inc -I../Drivers/CMSIS/Device/ST/STM32F4xx/Include -I../Drivers/STM32F4xx_HAL_Driver/Inc/Legacy -O0 -ffunction-sections -fdata-sections -Wall -fstack-usage -MMD -MP -MF"Core/Src/stm32f4xx_hal_msp.d" -MT"Core/Src/stm32f4xx_hal_msp.o" --specs=nano.specs -mfpu=fpv4-sp-d16 -mfloat-abi=hard -mthumb -o "Core/Src/stm32f4xx_hal_msp.o"
arm-none-eabi-gcc -o "CAN_LoopBack.elf" @"objects.list"   -mcpu=cortex-m4 -T"C:\Users\mateu\Documents\Curso STM32\MCU2\CAN_LoopBack\STM32F446RETX_FLASH.ld" --specs=nosys.specs -Wl,-Map="CAN_LoopBack.map" -Wl,--gc-sections -static --specs=nano.specs -mfpu=fpv4-sp-d16 -mfloat-abi=hard -mthumb -Wl,--start-group -lc -lm -Wl,--end-group
Finished building target: CAN_LoopBack.elf
 
arm-none-eabi-objdump -h -S  CAN_LoopBack.elf  > "CAN_LoopBack.list"
arm-none-eabi-objcopy  -O binary  CAN_LoopBack.elf  "CAN_LoopBack.bin"
arm-none-eabi-size   CAN_LoopBack.elf 
   text	   data	    bss	    dec	    hex	filename
  10484	     20	   1676	  12180	   2f94	CAN_LoopBack.elf
Finished building: default.size.stdout
 
Finished building: CAN_LoopBack.bin
 
Finished building: CAN_LoopBack.list
 

18:57:11 Build Finished. 0 errors, 0 warnings. (took 7s.526ms)

