16:44:55 **** Incremental Build of configuration Debug for project CAN_Normal_Mode_IT ****
make -j4 all 
arm-none-eabi-gcc "../Core/Src/main.c" -mcpu=cortex-m4 -std=gnu11 -g3 -DUSE_HAL_DRIVER -DSTM32F446xx -DDEBUG -c -I../Drivers/CMSIS/Include -I../Drivers/STM32F4xx_HAL_Driver/Inc -I../Core/Inc -I../Drivers/CMSIS/Device/ST/STM32F4xx/Include -I../Drivers/STM32F4xx_HAL_Driver/Inc/Legacy -O0 -ffunction-sections -fdata-sections -Wall -fstack-usage -MMD -MP -MF"Core/Src/main.d" -MT"Core/Src/main.o" --specs=nano.specs -mfpu=fpv4-sp-d16 -mfloat-abi=hard -mthumb -o "Core/Src/main.o"
arm-none-eabi-gcc -o "CAN_Normal_Mode_IT.elf" @"objects.list"   -mcpu=cortex-m4 -T"C:\Users\mateu\Documents\Curso STM32\MCU2\CAN_Normal_Mode_IT\STM32F446RETX_FLASH.ld" --specs=nosys.specs -Wl,-Map="CAN_Normal_Mode_IT.map" -Wl,--gc-sections -static --specs=nano.specs -mfpu=fpv4-sp-d16 -mfloat-abi=hard -mthumb -Wl,--start-group -lc -lm -Wl,--end-group
Finished building target: CAN_Normal_Mode_IT.elf
 
arm-none-eabi-objdump -h -S  CAN_Normal_Mode_IT.elf  > "CAN_Normal_Mode_IT.list"
arm-none-eabi-objcopy  -O binary  CAN_Normal_Mode_IT.elf  "CAN_Normal_Mode_IT.bin"
arm-none-eabi-size   CAN_Normal_Mode_IT.elf 
   text	   data	    bss	    dec	    hex	filename
  17672	    120	   1784	  19576	   4c78	CAN_Normal_Mode_IT.elf
Finished building: default.size.stdout
 
Finished building: CAN_Normal_Mode_IT.bin
 
Finished building: CAN_Normal_Mode_IT.list
 

16:45:01 Build Finished. 0 errors, 0 warnings. (took 5s.865ms)

