21:36:49 **** Build of configuration Debug for project RTC_Alarm_standby_wakeup ****
make -j4 all 
arm-none-eabi-gcc "../Core/Src/main.c" -mcpu=cortex-m4 -std=gnu11 -g3 -DUSE_HAL_DRIVER -DSTM32F446xx -DDEBUG -c -I../Drivers/CMSIS/Include -I../Drivers/STM32F4xx_HAL_Driver/Inc -I../Core/Inc -I../Drivers/CMSIS/Device/ST/STM32F4xx/Include -I../Drivers/STM32F4xx_HAL_Driver/Inc/Legacy -O0 -ffunction-sections -fdata-sections -Wall -fstack-usage -MMD -MP -MF"Core/Src/main.d" -MT"Core/Src/main.o" --specs=nano.specs -mfpu=fpv4-sp-d16 -mfloat-abi=hard -mthumb -o "Core/Src/main.o"
arm-none-eabi-gcc -o "RTC_Alarm_standby_wakeup.elf" @"objects.list"   -mcpu=cortex-m4 -T"C:\Users\mateu\Documents\Curso STM32\MCU2\RTC_Alarm_standby_wakeup\STM32F446RETX_FLASH.ld" --specs=nosys.specs -Wl,-Map="RTC_Alarm_standby_wakeup.map" -Wl,--gc-sections -static --specs=nano.specs -mfpu=fpv4-sp-d16 -mfloat-abi=hard -mthumb -Wl,--start-group -lc -lm -Wl,--end-group
Finished building target: RTC_Alarm_standby_wakeup.elf
 
arm-none-eabi-size   RTC_Alarm_standby_wakeup.elf 
arm-none-eabi-objdump -h -S  RTC_Alarm_standby_wakeup.elf  > "RTC_Alarm_standby_wakeup.list"
arm-none-eabi-objcopy  -O binary  RTC_Alarm_standby_wakeup.elf  "RTC_Alarm_standby_wakeup.bin"
   text	   data	    bss	    dec	    hex	filename
  17368	    120	   1680	  19168	   4ae0	RTC_Alarm_standby_wakeup.elf
Finished building: default.size.stdout
 
Finished building: RTC_Alarm_standby_wakeup.bin
 
Finished building: RTC_Alarm_standby_wakeup.list
 
