17:46:00 **** Incremental Build of configuration Debug for project PLL ****
make -j4 all 
arm-none-eabi-gcc "../Core/Src/main.c" -mcpu=cortex-m4 -std=gnu11 -g3 -DUSE_HAL_DRIVER -DSTM32F401xE -DDEBUG -c -I../Drivers/CMSIS/Include -I../Drivers/STM32F4xx_HAL_Driver/Inc -I../Core/Inc -I../Drivers/CMSIS/Device/ST/STM32F4xx/Include -I../Drivers/STM32F4xx_HAL_Driver/Inc/Legacy -O0 -ffunction-sections -fdata-sections -Wall -fstack-usage -MMD -MP -MF"Core/Src/main.d" -MT"Core/Src/main.o" --specs=nano.specs -mfpu=fpv4-sp-d16 -mfloat-abi=hard -mthumb -o "Core/Src/main.o"
arm-none-eabi-gcc -o "PLL.elf" @"objects.list"   -mcpu=cortex-m4 -T"C:\Users\mateu\Documents\Curso STM32\MCU2\PLL\STM32F401RETX_FLASH.ld" --specs=nosys.specs -Wl,-Map="PLL.map" -Wl,--gc-sections -static --specs=nano.specs -mfpu=fpv4-sp-d16 -mfloat-abi=hard -mthumb -Wl,--start-group -lc -lm -Wl,--end-group
Finished building target: PLL.elf
 
arm-none-eabi-objdump -h -S  PLL.elf  > "PLL.list"
arm-none-eabi-objcopy  -O ihex  PLL.elf  "PLL.hex"
arm-none-eabi-objcopy  -O binary  PLL.elf  "PLL.bin"
arm-none-eabi-size   PLL.elf 
   text	   data	    bss	    dec	    hex	filename
  10808	    120	   1648	  12576	   3120	PLL.elf
Finished building: default.size.stdout
 
Finished building: PLL.hex
Finished building: PLL.bin
Finished building: PLL.list
 
 
 

17:46:02 Build Finished. 0 errors, 0 warnings. (took 1s.853ms)

