19:08:04 **** Incremental Build of configuration Debug for project SLEEP-ON-EXIT_1 ****
make -j4 all 
arm-none-eabi-gcc "../Core/Src/main.c" -mcpu=cortex-m3 -std=gnu11 -g3 -DUSE_HAL_DRIVER -DSTM32F103x6 -DDEBUG -c -I../Drivers/CMSIS/Device/ST/STM32F1xx/Include -I../Drivers/CMSIS/Include -I../Core/Inc -I../Drivers/STM32F1xx_HAL_Driver/Inc/Legacy -I../Drivers/STM32F1xx_HAL_Driver/Inc -O0 -ffunction-sections -fdata-sections -Wall -fstack-usage -MMD -MP -MF"Core/Src/main.d" -MT"Core/Src/main.o" --specs=nano.specs -mfloat-abi=soft -mthumb -o "Core/Src/main.o"
arm-none-eabi-gcc -o "SLEEP-ON-EXIT_1.elf" @"objects.list"   -mcpu=cortex-m3 -T"C:\Users\mateu\Documents\Curso STM32\MCU2\SLEEP-ON-EXIT_1\STM32F103C6TX_FLASH.ld" --specs=nosys.specs -Wl,-Map="SLEEP-ON-EXIT_1.map" -Wl,--gc-sections -static --specs=nano.specs -mfloat-abi=soft -mthumb -Wl,--start-group -lc -lm -Wl,--end-group
Finished building target: SLEEP-ON-EXIT_1.elf
 
arm-none-eabi-objdump -h -S  SLEEP-ON-EXIT_1.elf  > "SLEEP-ON-EXIT_1.list"
arm-none-eabi-objcopy  -O ihex  SLEEP-ON-EXIT_1.elf  "SLEEP-ON-EXIT_1.hex"
arm-none-eabi-objcopy  -O binary  SLEEP-ON-EXIT_1.elf  "SLEEP-ON-EXIT_1.bin"
arm-none-eabi-size   SLEEP-ON-EXIT_1.elf 
   text	   data	    bss	    dec	    hex	filename
   4908	     60	   1700	   6668	   1a0c	SLEEP-ON-EXIT_1.elf
Finished building: default.size.stdout
 
Finished building: SLEEP-ON-EXIT_1.bin
Finished building: SLEEP-ON-EXIT_1.list
Finished building: SLEEP-ON-EXIT_1.hex
 
 
 

19:08:05 Build Finished. 0 errors, 0 warnings. (took 1s.601ms)

