11:42:28 **** Incremental Build of configuration Debug for project TEste ****
make -j4 all 
arm-none-eabi-gcc "../Core/Src/main.c" -mcpu=cortex-m3 -std=gnu11 -g3 -DUSE_HAL_DRIVER -DSTM32F103x6 -DDEBUG -c -I../Drivers/CMSIS/Device/ST/STM32F1xx/Include -I../Drivers/CMSIS/Include -I../Core/Inc -I../Drivers/STM32F1xx_HAL_Driver/Inc/Legacy -I../Drivers/STM32F1xx_HAL_Driver/Inc -O0 -ffunction-sections -fdata-sections -Wall -fstack-usage -MMD -MP -MF"Core/Src/main.d" -MT"Core/Src/main.o" --specs=nano.specs -mfloat-abi=soft -mthumb -o "Core/Src/main.o"
arm-none-eabi-gcc -o "TEste.elf" @"objects.list"   -mcpu=cortex-m3 -T"C:\Users\mateu\Documents\Curso STM32\MCU2\TEste\STM32F103T4UX_FLASH.ld" --specs=nosys.specs -Wl,-Map="TEste.map" -Wl,--gc-sections -static --specs=nano.specs -mfloat-abi=soft -mthumb -Wl,--start-group -lc -lm -Wl,--end-group
Finished building target: TEste.elf
 
arm-none-eabi-objdump -h -S  TEste.elf  > "TEste.list"
arm-none-eabi-objcopy  -O ihex  TEste.elf  "TEste.hex"
arm-none-eabi-objcopy  -O binary  TEste.elf  "TEste.bin"
arm-none-eabi-size   TEste.elf 
   text	   data	    bss	    dec	    hex	filename
   8204	    120	   1648	   9972	   26f4	TEste.elf
Finished building: default.size.stdout
 
Finished building: TEste.hex
Finished building: TEste.bin
Finished building: TEste.list
 
 
 

11:42:32 Build Finished. 0 errors, 0 warnings. (took 3s.634ms)

