12:07:02 **** Incremental Build of configuration Debug for project TIM_IC ****
make -j4 all 
arm-none-eabi-gcc "../Core/Src/main.c" -mcpu=cortex-m4 -std=gnu11 -g3 -DUSE_HAL_DRIVER -DSTM32F401xE -DDEBUG -c -I../Drivers/CMSIS/Include -I../Drivers/STM32F4xx_HAL_Driver/Inc -I../Core/Inc -I../Drivers/CMSIS/Device/ST/STM32F4xx/Include -I../Drivers/STM32F4xx_HAL_Driver/Inc/Legacy -O0 -ffunction-sections -fdata-sections -Wall -fstack-usage -MMD -MP -MF"Core/Src/main.d" -MT"Core/Src/main.o" --specs=nano.specs -mfpu=fpv4-sp-d16 -mfloat-abi=hard -mthumb -o "Core/Src/main.o"
arm-none-eabi-gcc -o "TIM_IC.elf" @"objects.list"   -mcpu=cortex-m4 -T"C:\Users\mateu\Documents\Curso STM32\MCU2\TIM_IC\STM32F401CEUX_FLASH.ld" --specs=nosys.specs -Wl,-Map="TIM_IC.map" -Wl,--gc-sections -static -u _printf_float --specs=nano.specs -mfpu=fpv4-sp-d16 -mfloat-abi=hard -mthumb -Wl,--start-group -lc -lm -Wl,--end-group
Finished building target: TIM_IC.elf
 
arm-none-eabi-objdump -h -S  TIM_IC.elf  > "TIM_IC.list"
arm-none-eabi-objcopy  -O ihex  TIM_IC.elf  "TIM_IC.hex"
arm-none-eabi-objcopy  -O binary  TIM_IC.elf  "TIM_IC.bin"
arm-none-eabi-size   TIM_IC.elf 
   text	   data	    bss	    dec	    hex	filename
  23044	    492	   1724	  25260	   62ac	TIM_IC.elf
Finished building: default.size.stdout
 
Finished building: TIM_IC.hex
Finished building: TIM_IC.bin
 
 
Finished building: TIM_IC.list
 

12:07:04 Build Finished. 0 errors, 0 warnings. (took 1s.850ms)

