15:48:26 **** Incremental Build of configuration Debug for project TIMER_OC_PWM1 ****
make -j4 all 
arm-none-eabi-gcc "../Core/Src/stm32f1xx_hal_msp.c" -mcpu=cortex-m3 -std=gnu11 -g3 -DUSE_HAL_DRIVER -DSTM32F103x6 -DDEBUG -c -I../Drivers/CMSIS/Device/ST/STM32F1xx/Include -I../Drivers/CMSIS/Include -I../Core/Inc -I../Drivers/STM32F1xx_HAL_Driver/Inc/Legacy -I../Drivers/STM32F1xx_HAL_Driver/Inc -O0 -ffunction-sections -fdata-sections -Wall -fstack-usage -MMD -MP -MF"Core/Src/stm32f1xx_hal_msp.d" -MT"Core/Src/stm32f1xx_hal_msp.o" --specs=nano.specs -mfloat-abi=soft -mthumb -o "Core/Src/stm32f1xx_hal_msp.o"
arm-none-eabi-gcc -o "TIMER_PWM_LED.elf" @"objects.list"   -mcpu=cortex-m3 -T"C:\Users\mateu\Documents\Curso STM32\MCU2\TIMER_PWM_LED\STM32F103C6TX_FLASH.ld" --specs=nosys.specs -Wl,-Map="TIMER_PWM_LED.map" -Wl,--gc-sections -static --specs=nano.specs -mfloat-abi=soft -mthumb -Wl,--start-group -lc -lm -Wl,--end-group
Finished building target: TIMER_PWM_LED.elf
 
arm-none-eabi-objdump -h -S  TIMER_PWM_LED.elf  > "TIMER_PWM_LED.list"
arm-none-eabi-objcopy  -O ihex  TIMER_PWM_LED.elf  "TIMER_PWM_LED.hex"
arm-none-eabi-objcopy  -O binary  TIMER_PWM_LED.elf  "TIMER_PWM_LED.bin"
arm-none-eabi-size   TIMER_PWM_LED.elf 
   text	   data	    bss	    dec	    hex	filename
   7320	     20	   1700	   9040	   2350	TIMER_PWM_LED.elf
Finished building: default.size.stdout
 
Finished building: TIMER_PWM_LED.hex
Finished building: TIMER_PWM_LED.bin
 
Finished building: TIMER_PWM_LED.list
 
 

15:48:29 Build Finished. 0 errors, 0 warnings. (took 2s.938ms)

