23:13:23 **** Incremental Build of configuration Debug for project TIMER_BASE_10us ****
make -j4 all 
arm-none-eabi-gcc "../Core/Src/main.c" -mcpu=cortex-m4 -std=gnu11 -g3 -DUSE_HAL_DRIVER -DSTM32F401xE -DDEBUG -c -I../Drivers/CMSIS/Include -I../Drivers/STM32F4xx_HAL_Driver/Inc -I../Core/Inc -I../Drivers/CMSIS/Device/ST/STM32F4xx/Include -I../Drivers/STM32F4xx_HAL_Driver/Inc/Legacy -O0 -ffunction-sections -fdata-sections -Wall -fstack-usage -MMD -MP -MF"Core/Src/main.d" -MT"Core/Src/main.o" --specs=nano.specs -mfpu=fpv4-sp-d16 -mfloat-abi=hard -mthumb -o "Core/Src/main.o"
arm-none-eabi-gcc -o "TIMER_BASE_10us.elf" @"objects.list"   -mcpu=cortex-m4 -T"C:\Users\mateu\Documents\Curso STM32\MCU2\TIMER_BASE_10us\STM32F401RETX_FLASH.ld" --specs=nosys.specs -Wl,-Map="TIMER_BASE_10us.map" -Wl,--gc-sections -static --specs=nano.specs -mfpu=fpv4-sp-d16 -mfloat-abi=hard -mthumb -Wl,--start-group -lc -lm -Wl,--end-group
Finished building target: TIMER_BASE_10us.elf
 
arm-none-eabi-objdump -h -S  TIMER_BASE_10us.elf  > "TIMER_BASE_10us.list"
arm-none-eabi-objcopy  -O ihex  TIMER_BASE_10us.elf  "TIMER_BASE_10us.hex"
arm-none-eabi-objcopy  -O binary  TIMER_BASE_10us.elf  "TIMER_BASE_10us.bin"
arm-none-eabi-size   TIMER_BASE_10us.elf 
   text	   data	    bss	    dec	    hex	filename
   3884	     20	   1636	   5540	   15a4	TIMER_BASE_10us.elf
Finished building: default.size.stdout
 
Finished building: TIMER_BASE_10us.bin
Finished building: TIMER_BASE_10us.hex
Finished building: TIMER_BASE_10us.list
 
 
 

23:13:25 Build Finished. 0 errors, 0 warnings. (took 2s.110ms)

