21:49:44 **** Incremental Build of configuration Debug for project TIMER_IC_1 ****
make -j4 all 
arm-none-eabi-gcc "../Core/Src/main.c" -mcpu=cortex-m3 -std=gnu11 -g3 -DUSE_HAL_DRIVER -DSTM32F103x6 -DDEBUG -c -I../Drivers/CMSIS/Device/ST/STM32F1xx/Include -I../Drivers/CMSIS/Include -I../Core/Inc -I../Drivers/STM32F1xx_HAL_Driver/Inc/Legacy -I../Drivers/STM32F1xx_HAL_Driver/Inc -O0 -ffunction-sections -fdata-sections -Wall -fstack-usage -MMD -MP -MF"Core/Src/main.d" -MT"Core/Src/main.o" --specs=nano.specs -mfloat-abi=soft -mthumb -o "Core/Src/main.o"
arm-none-eabi-gcc -o "TIMER_IC_1.elf" @"objects.list"   -mcpu=cortex-m3 -T"C:\Users\mateu\Documents\Curso STM32\MCU2\TIMER_IC_1\STM32F103C6TX_FLASH.ld" --specs=nosys.specs -Wl,-Map="TIMER_IC_1.map" -Wl,--gc-sections -static -u _printf_float --specs=nano.specs -mfloat-abi=soft -mthumb -Wl,--start-group -lc -lm -Wl,--end-group
Finished building target: TIMER_IC_1.elf
 
arm-none-eabi-objdump -h -S  TIMER_IC_1.elf  > "TIMER_IC_1.list"
arm-none-eabi-objcopy  -O ihex  TIMER_IC_1.elf  "TIMER_IC_1.hex"
arm-none-eabi-objcopy  -O binary  TIMER_IC_1.elf  "TIMER_IC_1.bin"
arm-none-eabi-size   TIMER_IC_1.elf 
   text	   data	    bss	    dec	    hex	filename
  20520	    488	   1888	  22896	   5970	TIMER_IC_1.elf
Finished building: default.size.stdout
 
Finished building: TIMER_IC_1.hex
Finished building: TIMER_IC_1.bin
 
 
Finished building: TIMER_IC_1.list
 

21:49:47 Build Finished. 0 errors, 0 warnings. (took 3s.74ms)

