22:34:35 **** Incremental Build of configuration Debug for project TIMER_BASE_IT ****
make -j4 all 
arm-none-eabi-gcc "../Core/Src/main.c" -mcpu=cortex-m3 -std=gnu11 -g3 -DUSE_HAL_DRIVER -DSTM32F103x6 -DDEBUG -c -I../Drivers/CMSIS/Device/ST/STM32F1xx/Include -I../Drivers/CMSIS/Include -I../Core/Inc -I../Drivers/STM32F1xx_HAL_Driver/Inc/Legacy -I../Drivers/STM32F1xx_HAL_Driver/Inc -O0 -ffunction-sections -fdata-sections -Wall -fstack-usage -MMD -MP -MF"Core/Src/main.d" -MT"Core/Src/main.o" --specs=nano.specs -mfloat-abi=soft -mthumb -o "Core/Src/main.o"
arm-none-eabi-gcc -o "TIMER_BASE_IT.elf" @"objects.list"   -mcpu=cortex-m3 -T"C:\Users\mateu\Documents\Curso STM32\MCU2\TIMER_BASE_IT\STM32F103C6TX_FLASH.ld" --specs=nosys.specs -Wl,-Map="TIMER_BASE_IT.map" -Wl,--gc-sections -static --specs=nano.specs -mfloat-abi=soft -mthumb -Wl,--start-group -lc -lm -Wl,--end-group
Finished building target: TIMER_BASE_IT.elf
 
arm-none-eabi-objdump -h -S  TIMER_BASE_IT.elf  > "TIMER_BASE_IT.list"
arm-none-eabi-objcopy  -O ihex  TIMER_BASE_IT.elf  "TIMER_BASE_IT.hex"
arm-none-eabi-objcopy  -O binary  TIMER_BASE_IT.elf  "TIMER_BASE_IT.bin"
arm-none-eabi-size   TIMER_BASE_IT.elf 
   text	   data	    bss	    dec	    hex	filename
   3552	     20	   1636	   5208	   1458	TIMER_BASE_IT.elf
Finished building: default.size.stdout
 
Finished building: TIMER_BASE_IT.bin
Finished building: TIMER_BASE_IT.hex
 
 
Finished building: TIMER_BASE_IT.list
 

22:34:38 Build Finished. 0 errors, 0 warnings. (took 3s.454ms)

