16:55:57 **** Incremental Build of configuration Debug for project time_base_100ms ****
make -j4 all 
arm-none-eabi-gcc "../Core/Src/main.c" -mcpu=cortex-m3 -std=gnu11 -g3 -DUSE_HAL_DRIVER -DSTM32F103x6 -DDEBUG -c -I../Drivers/CMSIS/Device/ST/STM32F1xx/Include -I../Drivers/CMSIS/Include -I../Core/Inc -I../Drivers/STM32F1xx_HAL_Driver/Inc/Legacy -I../Drivers/STM32F1xx_HAL_Driver/Inc -O0 -ffunction-sections -fdata-sections -Wall -fstack-usage -MMD -MP -MF"Core/Src/main.d" -MT"Core/Src/main.o" --specs=nano.specs -mfloat-abi=soft -mthumb -o "Core/Src/main.o"
arm-none-eabi-gcc -o "time_base_100ms.elf" @"objects.list"   -mcpu=cortex-m3 -T"C:\Users\mateu\Documents\Curso STM32\MCU2\time_base_100ms\STM32F103C6TX_FLASH.ld" --specs=nosys.specs -Wl,-Map="time_base_100ms.map" -Wl,--gc-sections -static --specs=nano.specs -mfloat-abi=soft -mthumb -Wl,--start-group -lc -lm -Wl,--end-group
Finished building target: time_base_100ms.elf
 
arm-none-eabi-objdump -h -S  time_base_100ms.elf  > "time_base_100ms.list"
arm-none-eabi-objcopy  -O ihex  time_base_100ms.elf  "time_base_100ms.hex"
arm-none-eabi-objcopy  -O binary  time_base_100ms.elf  "time_base_100ms.bin"
arm-none-eabi-size   time_base_100ms.elf 
   text	   data	    bss	    dec	    hex	filename
   2824	     20	   1636	   4480	   1180	time_base_100ms.elf
Finished building: default.size.stdout
Finished building: time_base_100ms.hex
 
Finished building: time_base_100ms.bin
Finished building: time_base_100ms.list
 
 
 

16:56:00 Build Finished. 0 errors, 0 warnings. (took 2s.761ms)

