11:37:17 **** Incremental Build of configuration Debug for project TIMER_IC ****
make -j4 all 
arm-none-eabi-gcc "../Core/Src/main.c" -mcpu=cortex-m4 -std=gnu11 -g3 -DUSE_HAL_DRIVER -DSTM32F401xE -DDEBUG -c -I../Drivers/CMSIS/Include -I../Drivers/STM32F4xx_HAL_Driver/Inc -I../Core/Inc -I../Drivers/CMSIS/Device/ST/STM32F4xx/Include -I../Drivers/STM32F4xx_HAL_Driver/Inc/Legacy -O0 -ffunction-sections -fdata-sections -Wall -fstack-usage -MMD -MP -MF"Core/Src/main.d" -MT"Core/Src/main.o" --specs=nano.specs -mfpu=fpv4-sp-d16 -mfloat-abi=hard -mthumb -o "Core/Src/main.o"
arm-none-eabi-gcc -o "TIMER_IC.elf" @"objects.list"   -mcpu=cortex-m4 -T"C:\Users\mateu\Documents\Curso STM32\MCU2\TIMER_IC\STM32F401VDHX_FLASH.ld" --specs=nosys.specs -Wl,-Map="TIMER_IC.map" -Wl,--gc-sections -static -u _printf_float --specs=nano.specs -mfpu=fpv4-sp-d16 -mfloat-abi=hard -mthumb -Wl,--start-group -lc -lm -Wl,--end-group
Finished building target: TIMER_IC.elf
 
arm-none-eabi-objdump -h -S  TIMER_IC.elf  > "TIMER_IC.list"
arm-none-eabi-objcopy  -O ihex  TIMER_IC.elf  "TIMER_IC.hex"
arm-none-eabi-objcopy  -O binary  TIMER_IC.elf  "TIMER_IC.bin"
arm-none-eabi-size   TIMER_IC.elf 
   text	   data	    bss	    dec	    hex	filename
  23356	    492	   1724	  25572	   63e4	TIMER_IC.elf
Finished building: default.size.stdout
 
Finished building: TIMER_IC.bin
Finished building: TIMER_IC.hex
 
 
Finished building: TIMER_IC.list
 

11:37:19 Build Finished. 0 errors, 0 warnings. (took 1s.902ms)

